// Jest Snapshot v1, https://goo.gl/fbAQLP

exports[`renders the UI as expected 1`] = `
<div
  classname="Card"
>
  <button
    type="button"
  >
    delete
  </button>
  <h3>
    Card
  </h3>
  <p>
    Data
  </p>
</div>
`;
